    --ORARIO--    --LIVELLO--       --MESSAGGIO--
[2026-03-18 09:14:59] [10] Login user: marco.rossi@cinema.it
[2026-03-18 09:15:07] [10] Login user: marco.rossi@cinema.it
[2026-03-18 09:15:32] [10] Login admin: bucignoandrea@gmail.com
[2026-03-18 09:16:22] [40] Email già esistente, scegline un'altra.
[2026-03-18 09:31:00] [40] Email già esistente, scegline un'altra.
[2026-03-18 09:34:18] [40] Email già esistente, scegline un'altra.
[2026-03-22 14:10:56] [30] Tentativo di login fallito per email: bucignoandrea@gmail.com
[2026-03-22 14:11:01] [30] Tentativo di login fallito per email: bucignoandrea@gmail.com
[2026-03-22 14:14:32] [30] Tentativo di login fallito per email: bucignoandrea@gmail.com
[2026-03-22 14:18:16] [10] Login admin: bucignoandrea@gmail.com
[2026-03-22 14:18:16] [10] Login effettuato con successo.
[2026-03-22 14:25:23] [10] Login admin: bucignoandrea@gmail.com
[2026-03-22 14:25:23] [10] Login effettuato con successo.
[2026-03-22 14:32:08] [30] Tentativo di login fallito per email: marco.rossi@cinema.it
[2026-03-22 14:32:18] [10] Login effettuato con successo.
[2026-03-22 14:59:28] [10] Login effettuato con successo.
[2026-03-22 15:00:32] [10] Login admin: bucignoandrea@gmail.com
[2026-03-22 15:00:32] [10] Login effettuato con successo.
[2026-04-02 15:03:56] [10] Login admin: bucignoandrea@gmail.com
[2026-04-02 15:03:56] [10] Login effettuato con successo.
[2026-04-02 15:31:18] [10] Login effettuato con successo.
[2026-04-13 09:15:42] [10] Login admin: bucignoandrea@gmail.com
[2026-04-13 09:15:42] [10] Login effettuato con successo.
[2026-04-13 09:22:06] [30] Tentativo di login fallito per email: marco.rossi@cinema.it
[2026-04-13 09:22:15] [10] Login effettuato con successo.
[2026-04-13 09:48:50] [10] Login admin: bucignoandrea@gmail.com
[2026-04-13 09:48:50] [10] Login effettuato con successo.
[2026-04-15 08:16:03] [30] Tentativo di login fallito per email: bucignoandrea@gmail.com
[2026-04-15 08:16:15] [10] Login admin: bucignoandrea@gmail.com
[2026-04-15 08:16:15] [10] Login effettuato con successo.
[2026-04-15 08:23:15] [10] Login admin: bucignoandrea@gmail.com
[2026-04-15 08:23:15] [10] Login effettuato con successo.
[2026-04-15 08:25:36] [10] Login admin: bucignoandrea@gmail.com
[2026-04-15 08:25:36] [10] Login effettuato con successo.
[2026-04-15 08:31:31] [10] Login admin: bucignoandrea@gmail.com
[2026-04-15 08:31:31] [10] Login effettuato con successo.
[2026-04-15 08:37:59] [10] Login admin: bucignoandrea@gmail.com
[2026-04-15 08:37:59] [10] Login effettuato con successo.
[2026-04-15 08:50:16] [10] Login effettuato con successo.
[2026-04-15 08:58:24] [30] Tentativo di login fallito per email: bucignoandrea@gmail.com
[2026-04-15 08:58:33] [10] Login admin: bucignoandrea@gmail.com
[2026-04-15 08:58:33] [10] Login effettuato con successo.
[2026-04-15 09:39:54] [10] Login effettuato con successo.
[2026-04-27 08:15:21] [10] Login admin: bucignoandrea@gmail.com
[2026-04-27 08:15:21] [10] Login effettuato con successo.
[2026-04-29 08:17:19] [10] Login admin: bucignoandrea@gmail.com
[2026-04-29 08:17:19] [10] Login effettuato con successo.
[2026-04-29 08:19:09] [10] Login admin: bucignoandrea@gmail.com
[2026-04-29 08:19:09] [10] Login effettuato con successo.
[2026-04-29 08:19:19] [30] Tentativo di login con campi mancanti
[2026-04-29 08:19:33] [30] Tentativo di login con campi mancanti
[2026-04-29 08:20:34] [30] Tentativo di login con campi mancanti
[2026-04-29 08:23:32] [10] Login admin: bucignoandrea@gmail.com
[2026-04-29 08:23:32] [10] Login effettuato con successo.
[2026-04-29 08:29:46] [10] Login effettuato con successo.
[2026-04-29 08:30:37] [30] Tentativo di login con campi mancanti
[2026-04-29 08:30:49] [10] Login admin: bucignoandrea@gmail.com
[2026-04-29 08:30:49] [10] Login effettuato con successo.
[2026-04-29 08:31:43] [10] Login effettuato con successo.
[2026-04-29 08:35:43] [10] Login admin: bucignoandrea@gmail.com
[2026-04-29 08:35:43] [10] Login effettuato con successo.
[2026-04-29 08:36:56] [10] Email inviata! Controlla la tua casella di posta.
[2026-04-29 08:43:42] [10] Email inviata! Controlla la tua casella di posta.
[2026-04-29 08:48:22] [10] Login effettuato con successo.
